// Jest Snapshot v1, https://goo.gl/fbAQLP

exports[`should render DashboardPage correctly 1`] = `
<div>
  Dashboard page content your private contents  heress
  <Link
    replace={false}
    to="/statements"
  >
     Pagar mi cuenta como invitado
  </Link>
</div>
`;
